This file contains any messages produced by compilers while
running configure, to aid debugging if configure makes a mistake.

It was created by qcdloop1 configure 1.9.0, which was
generated by GNU Autoconf 2.68.  Invocation command line was

  $ ./configure --prefix=/home/karna/Descargas/madgraph/MG5_aMC_v2_9_27/QCDLoop FC=/home/karna/anaconda3/envs/MG5/bin/x86_64-conda-linux-gnu-gfortran F77=/home/karna/anaconda3/envs/MG5/bin/x86_64-conda-linux-gnu-gfortran

## --------- ##
## Platform. ##
## --------- ##

hostname = Karna139
uname -m = x86_64
uname -r = 7.0.0-28-generic
uname -s = Linux
uname -v = #28~24.04.1-Ubuntu SMP PREEMPT_DYNAMIC Wed Jul  1 15:50:57 UTC 2

/usr/bin/uname -p = x86_64
/bin/uname -X     = unknown

/bin/arch              = x86_64
/usr/bin/arch -k       = unknown
/usr/convex/getsysinfo = unknown
/usr/bin/hostinfo      = unknown
/bin/machine           = unknown
/usr/bin/oslevel       = unknown
/bin/universe          = unknown

PATH: /home/karna/anaconda3/envs/MG5/bin
PATH: /home/karna/anaconda3/condabin
PATH: /home/karna/.pyenv/shims
PATH: /home/karna/.pyenv/bin
PATH: /usr/local/sbin
PATH: /usr/local/bin
PATH: /usr/sbin
PATH: /usr/bin
PATH: /sbin
PATH: /bin
PATH: /usr/games
PATH: /usr/local/games
PATH: /snap/bin
PATH: /snap/bin


## ----------- ##
## Core tests. ##
## ----------- ##

configure:2350: checking for a BSD-compatible install
configure:2418: result: /usr/bin/install -c
configure:2429: checking whether build environment is sane
configure:2479: result: yes
configure:2620: checking for a thread-safe mkdir -p
configure:2659: result: /usr/bin/mkdir -p
configure:2672: checking for gawk
configure:2702: result: no
configure:2672: checking for mawk
configure:2688: found /usr/bin/mawk
configure:2699: result: mawk
configure:2710: checking whether make sets $(MAKE)
configure:2732: result: yes
configure:2858: checking build system type
configure:2872: result: x86_64-conda-linux-gnu
configure:2892: checking host system type
configure:2905: result: x86_64-conda-linux-gnu
configure:2946: checking how to print strings
configure:2973: result: printf
configure:3006: checking for style of include used by make
configure:3034: result: GNU
configure:3064: checking for x86_64-conda-linux-gnu-gcc
configure:3091: result: /home/karna/anaconda3/envs/MG5/bin/x86_64-conda-linux-gnu-cc
configure:3360: checking for C compiler version
configure:3369: /home/karna/anaconda3/envs/MG5/bin/x86_64-conda-linux-gnu-cc --version >&5
x86_64-conda-linux-gnu-cc (conda-forge gcc 14.3.0-19) 14.3.0
Copyright (C) 2024 Free Software Foundation, Inc.
This is free software; see the source for copying conditions.  There is NO
warranty; not even for MERCHANTABILITY or FITNESS FOR A PARTICULAR PURPOSE.

configure:3380: $? = 0
configure:3369: /home/karna/anaconda3/envs/MG5/bin/x86_64-conda-linux-gnu-cc -v >&5
Reading specs from /home/karna/anaconda3/envs/MG5/bin/../lib/gcc/x86_64-conda-linux-gnu/14.3.0/specs
could not find specs file conda.specs
COLLECT_GCC=/home/karna/anaconda3/envs/MG5/bin/x86_64-conda-linux-gnu-cc
COLLECT_LTO_WRAPPER=/home/karna/anaconda3/envs/MG5/bin/../libexec/gcc/x86_64-conda-linux-gnu/14.3.0/lto-wrapper
Target: x86_64-conda-linux-gnu
Configured with: ../configure --prefix=/home/conda/feedstock_root/build_artifacts/gcc_compilers_1778265149273/_h_env_placehold_placehold_placehold_placehold_placehold_placehold_placehold_placehold_placehold_placehold_placehold_placehold_placehold_placehold_placehold_placehold_placehold_placeho --with-slibdir=/home/conda/feedstock_root/build_artifacts/gcc_compilers_1778265149273/_h_env_placehold_placehold_placehold_placehold_placehold_placehold_placehold_placehold_placehold_placehold_placehold_placehold_placehold_placehold_placehold_placehold_placehold_placeho/lib --libdir=/home/conda/feedstock_root/build_artifacts/gcc_compilers_1778265149273/_h_env_placehold_placehold_placehold_placehold_placehold_placehold_placehold_placehold_placehold_placehold_placehold_placehold_placehold_placehold_placehold_placehold_placehold_placeho/lib --mandir=/home/conda/feedstock_root/build_artifacts/gcc_compilers_1778265149273/_h_env_placehold_placehold_placehold_placehold_placehold_placehold_placehold_placehold_placehold_placehold_placehold_placehold_placehold_placehold_placehold_placehold_placehold_placeho/share/man --build=x86_64-conda-linux-gnu --host=x86_64-conda-linux-gnu --target=x86_64-conda-linux-gnu --enable-languages=c,c++,fortran,objc,obj-c++ --enable-libgomp --disable-libssp --enable-libquadmath --enable-libquadmath-support --disable-nls --disable-bootstrap --disable-multilib --enable-long-long --without-zstd --with-native-system-header-dir=/usr/include --with-gxx-include-dir=/home/conda/feedstock_root/build_artifacts/gcc_compilers_1778265149273/_h_env_placehold_placehold_placehold_placehold_placehold_placehold_placehold_placehold_placehold_placehold_placehold_placehold_placehold_placehold_placehold_placehold_placehold_placeho/lib/gcc/x86_64-conda-linux-gnu/14.3.0/include/c++ --with-gxx-libcxx-include-dir=/home/conda/feedstock_root/build_artifacts/gcc_compilers_1778265149273/_h_env_placehold_placehold_placehold_placehold_placehold_placehold_placehold_placehold_placehold_placehold_placehold_placehold_placehold_placehold_placehold_placehold_placehold_placeho/lib/gcc/x86_64-conda-linux-gnu/14.3.0/../../../../include/c++/v1 --with-pkgversion='conda-forge gcc 14.3.0-19' --with-bugurl=https://github.com/conda-forge/ctng-compilers-feedstock/issues/new/choose --enable-libsanitizer --enable-default-pie --enable-threads=posix --enable-__cxa_atexit --with-sysroot=/home/conda/feedstock_root/build_artifacts/gcc_compilers_1778265149273/_h_env_placehold_placehold_placehold_placehold_placehold_placehold_placehold_placehold_placehold_placehold_placehold_placehold_placehold_placehold_placehold_placehold_placehold_placeho/x86_64-conda-linux-gnu/sysroot --with-build-sysroot=/home/conda/feedstock_root/build_artifacts/gcc_compilers_1778265149273/_build_env/x86_64-conda-linux-gnu/sysroot --enable-plugin --enable-lto
Thread model: posix
Supported LTO compression algorithms: zlib
gcc version 14.3.0 (conda-forge gcc 14.3.0-19) 
configure:3380: $? = 0
configure:3369: /home/karna/anaconda3/envs/MG5/bin/x86_64-conda-linux-gnu-cc -V >&5
x86_64-conda-linux-gnu-cc: error: unrecognized command-line option '-V'
x86_64-conda-linux-gnu-cc: fatal error: no input files
compilation terminated.
configure:3380: $? = 1
configure:3369: /home/karna/anaconda3/envs/MG5/bin/x86_64-conda-linux-gnu-cc -qversion >&5
x86_64-conda-linux-gnu-cc: error: unrecognized command-line option '-qversion'; did you mean '--version'?
x86_64-conda-linux-gnu-cc: fatal error: no input files
compilation terminated.
configure:3380: $? = 1
configure:3400: checking whether the C compiler works
configure:3422: /home/karna/anaconda3/envs/MG5/bin/x86_64-conda-linux-gnu-cc -march=nocona -mtune=haswell -ftree-vectorize -fPIC -fstack-protector-strong -fno-plt -O2 -ffunction-sections -pipe -isystem /home/karna/anaconda3/envs/MG5/include -DNDEBUG -D_FORTIFY_SOURCE=2 -O2 -isystem /home/karna/anaconda3/envs/MG5/include -Wl,-O2 -Wl,--sort-common -Wl,--as-needed -Wl,-z,relro -Wl,-z,now -Wl,--disable-new-dtags -Wl,--gc-sections -Wl,--allow-shlib-undefined -Wl,-rpath,/home/karna/anaconda3/envs/MG5/lib -Wl,-rpath-link,/home/karna/anaconda3/envs/MG5/lib -L/home/karna/anaconda3/envs/MG5/lib conftest.c  >&5
configure:3426: $? = 0
configure:3474: result: yes
configure:3477: checking for C compiler default output file name
configure:3479: result: a.out
configure:3485: checking for suffix of executables
configure:3492: /home/karna/anaconda3/envs/MG5/bin/x86_64-conda-linux-gnu-cc -o conftest -march=nocona -mtune=haswell -ftree-vectorize -fPIC -fstack-protector-strong -fno-plt -O2 -ffunction-sections -pipe -isystem /home/karna/anaconda3/envs/MG5/include -DNDEBUG -D_FORTIFY_SOURCE=2 -O2 -isystem /home/karna/anaconda3/envs/MG5/include -Wl,-O2 -Wl,--sort-common -Wl,--as-needed -Wl,-z,relro -Wl,-z,now -Wl,--disable-new-dtags -Wl,--gc-sections -Wl,--allow-shlib-undefined -Wl,-rpath,/home/karna/anaconda3/envs/MG5/lib -Wl,-rpath-link,/home/karna/anaconda3/envs/MG5/lib -L/home/karna/anaconda3/envs/MG5/lib conftest.c  >&5
configure:3496: $? = 0
configure:3518: result: 
configure:3540: checking whether we are cross compiling
configure:3548: /home/karna/anaconda3/envs/MG5/bin/x86_64-conda-linux-gnu-cc -o conftest -march=nocona -mtune=haswell -ftree-vectorize -fPIC -fstack-protector-strong -fno-plt -O2 -ffunction-sections -pipe -isystem /home/karna/anaconda3/envs/MG5/include -DNDEBUG -D_FORTIFY_SOURCE=2 -O2 -isystem /home/karna/anaconda3/envs/MG5/include -Wl,-O2 -Wl,--sort-common -Wl,--as-needed -Wl,-z,relro -Wl,-z,now -Wl,--disable-new-dtags -Wl,--gc-sections -Wl,--allow-shlib-undefined -Wl,-rpath,/home/karna/anaconda3/envs/MG5/lib -Wl,-rpath-link,/home/karna/anaconda3/envs/MG5/lib -L/home/karna/anaconda3/envs/MG5/lib conftest.c  >&5
configure:3552: $? = 0
configure:3559: ./conftest
configure:3563: $? = 0
configure:3578: result: no
configure:3583: checking for suffix of object files
configure:3605: /home/karna/anaconda3/envs/MG5/bin/x86_64-conda-linux-gnu-cc -c -march=nocona -mtune=haswell -ftree-vectorize -fPIC -fstack-protector-strong -fno-plt -O2 -ffunction-sections -pipe -isystem /home/karna/anaconda3/envs/MG5/include -DNDEBUG -D_FORTIFY_SOURCE=2 -O2 -isystem /home/karna/anaconda3/envs/MG5/include conftest.c >&5
configure:3609: $? = 0
configure:3630: result: o
configure:3634: checking whether we are using the GNU C compiler
configure:3653: /home/karna/anaconda3/envs/MG5/bin/x86_64-conda-linux-gnu-cc -c -march=nocona -mtune=haswell -ftree-vectorize -fPIC -fstack-protector-strong -fno-plt -O2 -ffunction-sections -pipe -isystem /home/karna/anaconda3/envs/MG5/include -DNDEBUG -D_FORTIFY_SOURCE=2 -O2 -isystem /home/karna/anaconda3/envs/MG5/include conftest.c >&5
configure:3653: $? = 0
configure:3662: result: yes
configure:3671: checking whether /home/karna/anaconda3/envs/MG5/bin/x86_64-conda-linux-gnu-cc accepts -g
configure:3691: /home/karna/anaconda3/envs/MG5/bin/x86_64-conda-linux-gnu-cc -c -g -DNDEBUG -D_FORTIFY_SOURCE=2 -O2 -isystem /home/karna/anaconda3/envs/MG5/include conftest.c >&5
configure:3691: $? = 0
configure:3732: result: yes
configure:3749: checking for /home/karna/anaconda3/envs/MG5/bin/x86_64-conda-linux-gnu-cc option to accept ISO C89
configure:3813: /home/karna/anaconda3/envs/MG5/bin/x86_64-conda-linux-gnu-cc  -c -march=nocona -mtune=haswell -ftree-vectorize -fPIC -fstack-protector-strong -fno-plt -O2 -ffunction-sections -pipe -isystem /home/karna/anaconda3/envs/MG5/include -DNDEBUG -D_FORTIFY_SOURCE=2 -O2 -isystem /home/karna/anaconda3/envs/MG5/include conftest.c >&5
configure:3813: $? = 0
configure:3826: result: none needed
configure:3848: checking dependency style of /home/karna/anaconda3/envs/MG5/bin/x86_64-conda-linux-gnu-cc
configure:3958: result: gcc3
configure:3973: checking for a sed that does not truncate output
configure:4037: result: /usr/bin/sed
configure:4055: checking for grep that handles long lines and -e
configure:4113: result: /usr/bin/grep
configure:4118: checking for egrep
configure:4180: result: /usr/bin/grep -E
configure:4185: checking for fgrep
configure:4247: result: /usr/bin/grep -F
configure:4282: checking for ld used by /home/karna/anaconda3/envs/MG5/bin/x86_64-conda-linux-gnu-cc
configure:4349: result: x86_64-conda-linux-gnu-ld
configure:4356: checking if the linker (x86_64-conda-linux-gnu-ld) is GNU ld
configure:4371: result: yes
configure:4383: checking for BSD- or MS-compatible name lister (nm)
configure:4432: result: x86_64-conda-linux-gnu-nm
configure:4562: checking the name lister (x86_64-conda-linux-gnu-nm) interface
configure:4569: /home/karna/anaconda3/envs/MG5/bin/x86_64-conda-linux-gnu-cc -c -march=nocona -mtune=haswell -ftree-vectorize -fPIC -fstack-protector-strong -fno-plt -O2 -ffunction-sections -pipe -isystem /home/karna/anaconda3/envs/MG5/include -DNDEBUG -D_FORTIFY_SOURCE=2 -O2 -isystem /home/karna/anaconda3/envs/MG5/include conftest.c >&5
configure:4572: x86_64-conda-linux-gnu-nm "conftest.o"
configure:4575: output
0000000000000000 B some_variable
configure:4582: result: BSD nm
configure:4585: checking whether ln -s works
configure:4589: result: yes
configure:4597: checking the maximum length of command line arguments
configure:4722: result: 1572864
configure:4739: checking whether the shell understands some XSI constructs
configure:4749: result: yes
configure:4753: checking whether the shell understands "+="
configure:4759: result: yes
configure:4794: checking how to convert x86_64-conda-linux-gnu file names to x86_64-conda-linux-gnu format
configure:4834: result: func_convert_file_noop
configure:4841: checking how to convert x86_64-conda-linux-gnu file names to toolchain format
configure:4861: result: func_convert_file_noop
configure:4868: checking for x86_64-conda-linux-gnu-ld option to reload object files
configure:4875: result: -r
configure:4909: checking for x86_64-conda-linux-gnu-objdump
configure:4936: result: x86_64-conda-linux-gnu-objdump
configure:5008: checking how to recognize dependent libraries
configure:5210: result: pass_all
configure:5255: checking for x86_64-conda-linux-gnu-dlltool
configure:5285: result: no
configure:5295: checking for dlltool
configure:5325: result: no
configure:5355: checking how to associate runtime and link libraries
configure:5382: result: printf %s\n
configure:5399: checking for x86_64-conda-linux-gnu-ar
configure:5426: result: x86_64-conda-linux-gnu-ar
configure:5507: checking for archiver @FILE support
configure:5524: /home/karna/anaconda3/envs/MG5/bin/x86_64-conda-linux-gnu-cc -c -march=nocona -mtune=haswell -ftree-vectorize -fPIC -fstack-protector-strong -fno-plt -O2 -ffunction-sections -pipe -isystem /home/karna/anaconda3/envs/MG5/include -DNDEBUG -D_FORTIFY_SOURCE=2 -O2 -isystem /home/karna/anaconda3/envs/MG5/include conftest.c >&5
configure:5524: $? = 0
configure:5527: x86_64-conda-linux-gnu-ar cru libconftest.a @conftest.lst >&5
configure:5530: $? = 0
configure:5535: x86_64-conda-linux-gnu-ar cru libconftest.a @conftest.lst >&5
x86_64-conda-linux-gnu-ar: conftest.o: No such file or directory
configure:5538: $? = 1
configure:5550: result: @
configure:5568: checking for x86_64-conda-linux-gnu-strip
configure:5595: result: x86_64-conda-linux-gnu-strip
configure:5667: checking for x86_64-conda-linux-gnu-ranlib
configure:5694: result: x86_64-conda-linux-gnu-ranlib
configure:5836: checking command to parse x86_64-conda-linux-gnu-nm output from /home/karna/anaconda3/envs/MG5/bin/x86_64-conda-linux-gnu-cc object
configure:5955: /home/karna/anaconda3/envs/MG5/bin/x86_64-conda-linux-gnu-cc -c -march=nocona -mtune=haswell -ftree-vectorize -fPIC -fstack-protector-strong -fno-plt -O2 -ffunction-sections -pipe -isystem /home/karna/anaconda3/envs/MG5/include -DNDEBUG -D_FORTIFY_SOURCE=2 -O2 -isystem /home/karna/anaconda3/envs/MG5/include conftest.c >&5
configure:5958: $? = 0
configure:5962: x86_64-conda-linux-gnu-nm conftest.o \| sed -n -e 's/^.*[ ]\([ABCDGIRSTW][ABCDGIRSTW]*\)[ ][ ]*\([_A-Za-z][_A-Za-z0-9]*\)$/\1 \2 \2/p' | sed '/ __gnu_lto/d' \> conftest.nm
configure:5965: $? = 0
configure:6031: /home/karna/anaconda3/envs/MG5/bin/x86_64-conda-linux-gnu-cc -o conftest -march=nocona -mtune=haswell -ftree-vectorize -fPIC -fstack-protector-strong -fno-plt -O2 -ffunction-sections -pipe -isystem /home/karna/anaconda3/envs/MG5/include -DNDEBUG -D_FORTIFY_SOURCE=2 -O2 -isystem /home/karna/anaconda3/envs/MG5/include -Wl,-O2 -Wl,--sort-common -Wl,--as-needed -Wl,-z,relro -Wl,-z,now -Wl,--disable-new-dtags -Wl,--gc-sections -Wl,--allow-shlib-undefined -Wl,-rpath,/home/karna/anaconda3/envs/MG5/lib -Wl,-rpath-link,/home/karna/anaconda3/envs/MG5/lib -L/home/karna/anaconda3/envs/MG5/lib conftest.c conftstm.o >&5
configure:6034: $? = 0
configure:6072: result: ok
configure:6109: checking for sysroot
configure:6139: result: no
configure:6216: /home/karna/anaconda3/envs/MG5/bin/x86_64-conda-linux-gnu-cc -c -march=nocona -mtune=haswell -ftree-vectorize -fPIC -fstack-protector-strong -fno-plt -O2 -ffunction-sections -pipe -isystem /home/karna/anaconda3/envs/MG5/include -DNDEBUG -D_FORTIFY_SOURCE=2 -O2 -isystem /home/karna/anaconda3/envs/MG5/include conftest.c >&5
configure:6219: $? = 0
configure:6342: checking for x86_64-conda-linux-gnu-mt
configure:6372: result: no
configure:6382: checking for mt
configure:6398: found /usr/bin/mt
configure:6409: result: mt
configure:6432: checking if mt is a manifest tool
configure:6438: mt '-?'
configure:6446: result: no
configure:7078: checking how to run the C preprocessor
configure:7148: result: /home/karna/anaconda3/envs/MG5/bin/x86_64-conda-linux-gnu-cpp
configure:7168: /home/karna/anaconda3/envs/MG5/bin/x86_64-conda-linux-gnu-cpp -DNDEBUG -D_FORTIFY_SOURCE=2 -O2 -isystem /home/karna/anaconda3/envs/MG5/include conftest.c
configure:7168: $? = 0
configure:7182: /home/karna/anaconda3/envs/MG5/bin/x86_64-conda-linux-gnu-cpp -DNDEBUG -D_FORTIFY_SOURCE=2 -O2 -isystem /home/karna/anaconda3/envs/MG5/include conftest.c
conftest.c:11:10: fatal error: ac_nonexistent.h: No such file or directory
   11 | #include <ac_nonexistent.h>
      |          ^~~~~~~~~~~~~~~~~~
compilation terminated.
configure:7182: $? = 1
configure: failed program was:
| /* confdefs.h */
| #define PACKAGE_NAME "qcdloop1"
| #define PACKAGE_TARNAME "qcdloop1"
| #define PACKAGE_VERSION "1.9.0"
| #define PACKAGE_STRING "qcdloop1 1.9.0"
| #define PACKAGE_BUGREPORT ""
| #define PACKAGE_URL ""
| #define PACKAGE "qcdloop1"
| #define VERSION "1.9.0"
| /* end confdefs.h.  */
| #include <ac_nonexistent.h>
configure:7211: checking for ANSI C header files
configure:7231: /home/karna/anaconda3/envs/MG5/bin/x86_64-conda-linux-gnu-cc -c -march=nocona -mtune=haswell -ftree-vectorize -fPIC -fstack-protector-strong -fno-plt -O2 -ffunction-sections -pipe -isystem /home/karna/anaconda3/envs/MG5/include -DNDEBUG -D_FORTIFY_SOURCE=2 -O2 -isystem /home/karna/anaconda3/envs/MG5/include conftest.c >&5
configure:7231: $? = 0
configure:7304: /home/karna/anaconda3/envs/MG5/bin/x86_64-conda-linux-gnu-cc -o conftest -march=nocona -mtune=haswell -ftree-vectorize -fPIC -fstack-protector-strong -fno-plt -O2 -ffunction-sections -pipe -isystem /home/karna/anaconda3/envs/MG5/include -DNDEBUG -D_FORTIFY_SOURCE=2 -O2 -isystem /home/karna/anaconda3/envs/MG5/include -Wl,-O2 -Wl,--sort-common -Wl,--as-needed -Wl,-z,relro -Wl,-z,now -Wl,--disable-new-dtags -Wl,--gc-sections -Wl,--allow-shlib-undefined -Wl,-rpath,/home/karna/anaconda3/envs/MG5/lib -Wl,-rpath-link,/home/karna/anaconda3/envs/MG5/lib -L/home/karna/anaconda3/envs/MG5/lib conftest.c  >&5
configure:7304: $? = 0
configure:7304: ./conftest
configure:7304: $? = 0
configure:7315: result: yes
configure:7328: checking for sys/types.h
configure:7328: /home/karna/anaconda3/envs/MG5/bin/x86_64-conda-linux-gnu-cc -c -march=nocona -mtune=haswell -ftree-vectorize -fPIC -fstack-protector-strong -fno-plt -O2 -ffunction-sections -pipe -isystem /home/karna/anaconda3/envs/MG5/include -DNDEBUG -D_FORTIFY_SOURCE=2 -O2 -isystem /home/karna/anaconda3/envs/MG5/include conftest.c >&5
configure:7328: $? = 0
configure:7328: result: yes
configure:7328: checking for sys/stat.h
configure:7328: /home/karna/anaconda3/envs/MG5/bin/x86_64-conda-linux-gnu-cc -c -march=nocona -mtune=haswell -ftree-vectorize -fPIC -fstack-protector-strong -fno-plt -O2 -ffunction-sections -pipe -isystem /home/karna/anaconda3/envs/MG5/include -DNDEBUG -D_FORTIFY_SOURCE=2 -O2 -isystem /home/karna/anaconda3/envs/MG5/include conftest.c >&5
configure:7328: $? = 0
configure:7328: result: yes
configure:7328: checking for stdlib.h
configure:7328: /home/karna/anaconda3/envs/MG5/bin/x86_64-conda-linux-gnu-cc -c -march=nocona -mtune=haswell -ftree-vectorize -fPIC -fstack-protector-strong -fno-plt -O2 -ffunction-sections -pipe -isystem /home/karna/anaconda3/envs/MG5/include -DNDEBUG -D_FORTIFY_SOURCE=2 -O2 -isystem /home/karna/anaconda3/envs/MG5/include conftest.c >&5
configure:7328: $? = 0
configure:7328: result: yes
configure:7328: checking for string.h
configure:7328: /home/karna/anaconda3/envs/MG5/bin/x86_64-conda-linux-gnu-cc -c -march=nocona -mtune=haswell -ftree-vectorize -fPIC -fstack-protector-strong -fno-plt -O2 -ffunction-sections -pipe -isystem /home/karna/anaconda3/envs/MG5/include -DNDEBUG -D_FORTIFY_SOURCE=2 -O2 -isystem /home/karna/anaconda3/envs/MG5/include conftest.c >&5
configure:7328: $? = 0
configure:7328: result: yes
configure:7328: checking for memory.h
configure:7328: /home/karna/anaconda3/envs/MG5/bin/x86_64-conda-linux-gnu-cc -c -march=nocona -mtune=haswell -ftree-vectorize -fPIC -fstack-protector-strong -fno-plt -O2 -ffunction-sections -pipe -isystem /home/karna/anaconda3/envs/MG5/include -DNDEBUG -D_FORTIFY_SOURCE=2 -O2 -isystem /home/karna/anaconda3/envs/MG5/include conftest.c >&5
configure:7328: $? = 0
configure:7328: result: yes
configure:7328: checking for strings.h
configure:7328: /home/karna/anaconda3/envs/MG5/bin/x86_64-conda-linux-gnu-cc -c -march=nocona -mtune=haswell -ftree-vectorize -fPIC -fstack-protector-strong -fno-plt -O2 -ffunction-sections -pipe -isystem /home/karna/anaconda3/envs/MG5/include -DNDEBUG -D_FORTIFY_SOURCE=2 -O2 -isystem /home/karna/anaconda3/envs/MG5/include conftest.c >&5
configure:7328: $? = 0
configure:7328: result: yes
configure:7328: checking for inttypes.h
configure:7328: /home/karna/anaconda3/envs/MG5/bin/x86_64-conda-linux-gnu-cc -c -march=nocona -mtune=haswell -ftree-vectorize -fPIC -fstack-protector-strong -fno-plt -O2 -ffunction-sections -pipe -isystem /home/karna/anaconda3/envs/MG5/include -DNDEBUG -D_FORTIFY_SOURCE=2 -O2 -isystem /home/karna/anaconda3/envs/MG5/include conftest.c >&5
configure:7328: $? = 0
configure:7328: result: yes
configure:7328: checking for stdint.h
configure:7328: /home/karna/anaconda3/envs/MG5/bin/x86_64-conda-linux-gnu-cc -c -march=nocona -mtune=haswell -ftree-vectorize -fPIC -fstack-protector-strong -fno-plt -O2 -ffunction-sections -pipe -isystem /home/karna/anaconda3/envs/MG5/include -DNDEBUG -D_FORTIFY_SOURCE=2 -O2 -isystem /home/karna/anaconda3/envs/MG5/include conftest.c >&5
configure:7328: $? = 0
configure:7328: result: yes
configure:7328: checking for unistd.h
configure:7328: /home/karna/anaconda3/envs/MG5/bin/x86_64-conda-linux-gnu-cc -c -march=nocona -mtune=haswell -ftree-vectorize -fPIC -fstack-protector-strong -fno-plt -O2 -ffunction-sections -pipe -isystem /home/karna/anaconda3/envs/MG5/include -DNDEBUG -D_FORTIFY_SOURCE=2 -O2 -isystem /home/karna/anaconda3/envs/MG5/include conftest.c >&5
configure:7328: $? = 0
configure:7328: result: yes
configure:7342: checking for dlfcn.h
configure:7342: /home/karna/anaconda3/envs/MG5/bin/x86_64-conda-linux-gnu-cc -c -march=nocona -mtune=haswell -ftree-vectorize -fPIC -fstack-protector-strong -fno-plt -O2 -ffunction-sections -pipe -isystem /home/karna/anaconda3/envs/MG5/include -DNDEBUG -D_FORTIFY_SOURCE=2 -O2 -isystem /home/karna/anaconda3/envs/MG5/include conftest.c >&5
configure:7342: $? = 0
configure:7342: result: yes
configure:7529: checking for objdir
configure:7544: result: .libs
configure:7815: checking if /home/karna/anaconda3/envs/MG5/bin/x86_64-conda-linux-gnu-cc supports -fno-rtti -fno-exceptions
configure:7833: /home/karna/anaconda3/envs/MG5/bin/x86_64-conda-linux-gnu-cc -c -march=nocona -mtune=haswell -ftree-vectorize -fPIC -fstack-protector-strong -fno-plt -O2 -ffunction-sections -pipe -isystem /home/karna/anaconda3/envs/MG5/include -DNDEBUG -D_FORTIFY_SOURCE=2 -O2 -isystem /home/karna/anaconda3/envs/MG5/include -fno-rtti -fno-exceptions conftest.c >&5
cc1: warning: command-line option '-fno-rtti' is valid for C++/D/ObjC++ but not for C
configure:7837: $? = 0
configure:7850: result: no
configure:8160: checking for /home/karna/anaconda3/envs/MG5/bin/x86_64-conda-linux-gnu-cc option to produce PIC
configure:8167: result: -fPIC -DPIC
configure:8175: checking if /home/karna/anaconda3/envs/MG5/bin/x86_64-conda-linux-gnu-cc PIC flag -fPIC -DPIC works
configure:8193: /home/karna/anaconda3/envs/MG5/bin/x86_64-conda-linux-gnu-cc -c -march=nocona -mtune=haswell -ftree-vectorize -fPIC -fstack-protector-strong -fno-plt -O2 -ffunction-sections -pipe -isystem /home/karna/anaconda3/envs/MG5/include -DNDEBUG -D_FORTIFY_SOURCE=2 -O2 -isystem /home/karna/anaconda3/envs/MG5/include -fPIC -DPIC -DPIC conftest.c >&5
configure:8197: $? = 0
configure:8210: result: yes
configure:8239: checking if /home/karna/anaconda3/envs/MG5/bin/x86_64-conda-linux-gnu-cc static flag -static works
configure:8267: result: yes
configure:8282: checking if /home/karna/anaconda3/envs/MG5/bin/x86_64-conda-linux-gnu-cc supports -c -o file.o
configure:8303: /home/karna/anaconda3/envs/MG5/bin/x86_64-conda-linux-gnu-cc -c -march=nocona -mtune=haswell -ftree-vectorize -fPIC -fstack-protector-strong -fno-plt -O2 -ffunction-sections -pipe -isystem /home/karna/anaconda3/envs/MG5/include -DNDEBUG -D_FORTIFY_SOURCE=2 -O2 -isystem /home/karna/anaconda3/envs/MG5/include -o out/conftest2.o conftest.c >&5
configure:8307: $? = 0
configure:8329: result: yes
configure:8337: checking if /home/karna/anaconda3/envs/MG5/bin/x86_64-conda-linux-gnu-cc supports -c -o file.o
configure:8384: result: yes
configure:8417: checking whether the /home/karna/anaconda3/envs/MG5/bin/x86_64-conda-linux-gnu-cc linker (x86_64-conda-linux-gnu-ld -m elf_x86_64) supports shared libraries
configure:9575: result: yes
configure:9612: checking whether -lc should be explicitly linked in
configure:9620: /home/karna/anaconda3/envs/MG5/bin/x86_64-conda-linux-gnu-cc -c -march=nocona -mtune=haswell -ftree-vectorize -fPIC -fstack-protector-strong -fno-plt -O2 -ffunction-sections -pipe -isystem /home/karna/anaconda3/envs/MG5/include -DNDEBUG -D_FORTIFY_SOURCE=2 -O2 -isystem /home/karna/anaconda3/envs/MG5/include conftest.c >&5
configure:9623: $? = 0
configure:9638: /home/karna/anaconda3/envs/MG5/bin/x86_64-conda-linux-gnu-cc -shared  -fPIC -DPIC conftest.o  -v -Wl,-soname -Wl,conftest -o conftest 2\>\&1 \| /usr/bin/grep  -lc  \>/dev/null 2\>\&1
configure:9641: $? = 0
configure:9655: result: no
configure:9820: checking dynamic linker characteristics
configure:10334: /home/karna/anaconda3/envs/MG5/bin/x86_64-conda-linux-gnu-cc -o conftest -march=nocona -mtune=haswell -ftree-vectorize -fPIC -fstack-protector-strong -fno-plt -O2 -ffunction-sections -pipe -isystem /home/karna/anaconda3/envs/MG5/include -DNDEBUG -D_FORTIFY_SOURCE=2 -O2 -isystem /home/karna/anaconda3/envs/MG5/include -Wl,-O2 -Wl,--sort-common -Wl,--as-needed -Wl,-z,relro -Wl,-z,now -Wl,--disable-new-dtags -Wl,--gc-sections -Wl,--allow-shlib-undefined -Wl,-rpath,/home/karna/anaconda3/envs/MG5/lib -Wl,-rpath-link,/home/karna/anaconda3/envs/MG5/lib -L/home/karna/anaconda3/envs/MG5/lib -Wl,-rpath -Wl,/foo conftest.c  >&5
configure:10334: $? = 0
configure:10556: result: GNU/Linux ld.so
configure:10663: checking how to hardcode library paths into programs
configure:10688: result: immediate
configure:11228: checking whether stripping libraries is possible
configure:11233: result: yes
configure:11268: checking if libtool supports shared libraries
configure:11270: result: yes
configure:11273: checking whether to build shared libraries
configure:11294: result: yes
configure:11297: checking whether to build static libraries
configure:11301: result: yes
configure:11346: checking for x86_64-conda-linux-gnu-gcc
configure:11373: result: /home/karna/anaconda3/envs/MG5/bin/x86_64-conda-linux-gnu-cc
configure:11642: checking for C compiler version
configure:11651: /home/karna/anaconda3/envs/MG5/bin/x86_64-conda-linux-gnu-cc --version >&5
x86_64-conda-linux-gnu-cc (conda-forge gcc 14.3.0-19) 14.3.0
Copyright (C) 2024 Free Software Foundation, Inc.
This is free software; see the source for copying conditions.  There is NO
warranty; not even for MERCHANTABILITY or FITNESS FOR A PARTICULAR PURPOSE.

configure:11662: $? = 0
configure:11651: /home/karna/anaconda3/envs/MG5/bin/x86_64-conda-linux-gnu-cc -v >&5
Reading specs from /home/karna/anaconda3/envs/MG5/bin/../lib/gcc/x86_64-conda-linux-gnu/14.3.0/specs
could not find specs file conda.specs
COLLECT_GCC=/home/karna/anaconda3/envs/MG5/bin/x86_64-conda-linux-gnu-cc
COLLECT_LTO_WRAPPER=/home/karna/anaconda3/envs/MG5/bin/../libexec/gcc/x86_64-conda-linux-gnu/14.3.0/lto-wrapper
Target: x86_64-conda-linux-gnu
Configured with: ../configure --prefix=/home/conda/feedstock_root/build_artifacts/gcc_compilers_1778265149273/_h_env_placehold_placehold_placehold_placehold_placehold_placehold_placehold_placehold_placehold_placehold_placehold_placehold_placehold_placehold_placehold_placehold_placehold_placeho --with-slibdir=/home/conda/feedstock_root/build_artifacts/gcc_compilers_1778265149273/_h_env_placehold_placehold_placehold_placehold_placehold_placehold_placehold_placehold_placehold_placehold_placehold_placehold_placehold_placehold_placehold_placehold_placehold_placeho/lib --libdir=/home/conda/feedstock_root/build_artifacts/gcc_compilers_1778265149273/_h_env_placehold_placehold_placehold_placehold_placehold_placehold_placehold_placehold_placehold_placehold_placehold_placehold_placehold_placehold_placehold_placehold_placehold_placeho/lib --mandir=/home/conda/feedstock_root/build_artifacts/gcc_compilers_1778265149273/_h_env_placehold_placehold_placehold_placehold_placehold_placehold_placehold_placehold_placehold_placehold_placehold_placehold_placehold_placehold_placehold_placehold_placehold_placeho/share/man --build=x86_64-conda-linux-gnu --host=x86_64-conda-linux-gnu --target=x86_64-conda-linux-gnu --enable-languages=c,c++,fortran,objc,obj-c++ --enable-libgomp --disable-libssp --enable-libquadmath --enable-libquadmath-support --disable-nls --disable-bootstrap --disable-multilib --enable-long-long --without-zstd --with-native-system-header-dir=/usr/include --with-gxx-include-dir=/home/conda/feedstock_root/build_artifacts/gcc_compilers_1778265149273/_h_env_placehold_placehold_placehold_placehold_placehold_placehold_placehold_placehold_placehold_placehold_placehold_placehold_placehold_placehold_placehold_placehold_placehold_placeho/lib/gcc/x86_64-conda-linux-gnu/14.3.0/include/c++ --with-gxx-libcxx-include-dir=/home/conda/feedstock_root/build_artifacts/gcc_compilers_1778265149273/_h_env_placehold_placehold_placehold_placehold_placehold_placehold_placehold_placehold_placehold_placehold_placehold_placehold_placehold_placehold_placehold_placehold_placehold_placeho/lib/gcc/x86_64-conda-linux-gnu/14.3.0/../../../../include/c++/v1 --with-pkgversion='conda-forge gcc 14.3.0-19' --with-bugurl=https://github.com/conda-forge/ctng-compilers-feedstock/issues/new/choose --enable-libsanitizer --enable-default-pie --enable-threads=posix --enable-__cxa_atexit --with-sysroot=/home/conda/feedstock_root/build_artifacts/gcc_compilers_1778265149273/_h_env_placehold_placehold_placehold_placehold_placehold_placehold_placehold_placehold_placehold_placehold_placehold_placehold_placehold_placehold_placehold_placehold_placehold_placeho/x86_64-conda-linux-gnu/sysroot --with-build-sysroot=/home/conda/feedstock_root/build_artifacts/gcc_compilers_1778265149273/_build_env/x86_64-conda-linux-gnu/sysroot --enable-plugin --enable-lto
Thread model: posix
Supported LTO compression algorithms: zlib
gcc version 14.3.0 (conda-forge gcc 14.3.0-19) 
configure:11662: $? = 0
configure:11651: /home/karna/anaconda3/envs/MG5/bin/x86_64-conda-linux-gnu-cc -V >&5
x86_64-conda-linux-gnu-cc: error: unrecognized command-line option '-V'
x86_64-conda-linux-gnu-cc: fatal error: no input files
compilation terminated.
configure:11662: $? = 1
configure:11651: /home/karna/anaconda3/envs/MG5/bin/x86_64-conda-linux-gnu-cc -qversion >&5
x86_64-conda-linux-gnu-cc: error: unrecognized command-line option '-qversion'; did you mean '--version'?
x86_64-conda-linux-gnu-cc: fatal error: no input files
compilation terminated.
configure:11662: $? = 1
configure:11666: checking whether we are using the GNU C compiler
configure:11694: result: yes
configure:11703: checking whether /home/karna/anaconda3/envs/MG5/bin/x86_64-conda-linux-gnu-cc accepts -g
configure:11764: result: yes
configure:11781: checking for /home/karna/anaconda3/envs/MG5/bin/x86_64-conda-linux-gnu-cc option to accept ISO C89
configure:11858: result: none needed
configure:11880: checking dependency style of /home/karna/anaconda3/envs/MG5/bin/x86_64-conda-linux-gnu-cc
configure:11990: result: gcc3
configure:12014: checking for x86_64-conda-linux-gnu-g77
configure:12041: result: /home/karna/anaconda3/envs/MG5/bin/x86_64-conda-linux-gnu-gfortran
configure:12111: checking for Fortran 77 compiler version
configure:12120: /home/karna/anaconda3/envs/MG5/bin/x86_64-conda-linux-gnu-gfortran --version >&5
GNU Fortran (conda-forge gcc 14.3.0-19) 14.3.0
Copyright (C) 2024 Free Software Foundation, Inc.
This is free software; see the source for copying conditions.  There is NO
warranty; not even for MERCHANTABILITY or FITNESS FOR A PARTICULAR PURPOSE.

configure:12131: $? = 0
configure:12120: /home/karna/anaconda3/envs/MG5/bin/x86_64-conda-linux-gnu-gfortran -v >&5
Reading specs from /home/karna/anaconda3/envs/MG5/bin/../lib/gcc/x86_64-conda-linux-gnu/14.3.0/specs
could not find specs file conda.specs
COLLECT_GCC=/home/karna/anaconda3/envs/MG5/bin/x86_64-conda-linux-gnu-gfortran
COLLECT_LTO_WRAPPER=/home/karna/anaconda3/envs/MG5/bin/../libexec/gcc/x86_64-conda-linux-gnu/14.3.0/lto-wrapper
Target: x86_64-conda-linux-gnu
Configured with: ../configure --prefix=/home/conda/feedstock_root/build_artifacts/gcc_compilers_1778265149273/_h_env_placehold_placehold_placehold_placehold_placehold_placehold_placehold_placehold_placehold_placehold_placehold_placehold_placehold_placehold_placehold_placehold_placehold_placeho --with-slibdir=/home/conda/feedstock_root/build_artifacts/gcc_compilers_1778265149273/_h_env_placehold_placehold_placehold_placehold_placehold_placehold_placehold_placehold_placehold_placehold_placehold_placehold_placehold_placehold_placehold_placehold_placehold_placeho/lib --libdir=/home/conda/feedstock_root/build_artifacts/gcc_compilers_1778265149273/_h_env_placehold_placehold_placehold_placehold_placehold_placehold_placehold_placehold_placehold_placehold_placehold_placehold_placehold_placehold_placehold_placehold_placehold_placeho/lib --mandir=/home/conda/feedstock_root/build_artifacts/gcc_compilers_1778265149273/_h_env_placehold_placehold_placehold_placehold_placehold_placehold_placehold_placehold_placehold_placehold_placehold_placehold_placehold_placehold_placehold_placehold_placehold_placeho/share/man --build=x86_64-conda-linux-gnu --host=x86_64-conda-linux-gnu --target=x86_64-conda-linux-gnu --enable-languages=c,c++,fortran,objc,obj-c++ --enable-libgomp --disable-libssp --enable-libquadmath --enable-libquadmath-support --disable-nls --disable-bootstrap --disable-multilib --enable-long-long --without-zstd --with-native-system-header-dir=/usr/include --with-gxx-include-dir=/home/conda/feedstock_root/build_artifacts/gcc_compilers_1778265149273/_h_env_placehold_placehold_placehold_placehold_placehold_placehold_placehold_placehold_placehold_placehold_placehold_placehold_placehold_placehold_placehold_placehold_placehold_placeho/lib/gcc/x86_64-conda-linux-gnu/14.3.0/include/c++ --with-gxx-libcxx-include-dir=/home/conda/feedstock_root/build_artifacts/gcc_compilers_1778265149273/_h_env_placehold_placehold_placehold_placehold_placehold_placehold_placehold_placehold_placehold_placehold_placehold_placehold_placehold_placehold_placehold_placehold_placehold_placeho/lib/gcc/x86_64-conda-linux-gnu/14.3.0/../../../../include/c++/v1 --with-pkgversion='conda-forge gcc 14.3.0-19' --with-bugurl=https://github.com/conda-forge/ctng-compilers-feedstock/issues/new/choose --enable-libsanitizer --enable-default-pie --enable-threads=posix --enable-__cxa_atexit --with-sysroot=/home/conda/feedstock_root/build_artifacts/gcc_compilers_1778265149273/_h_env_placehold_placehold_placehold_placehold_placehold_placehold_placehold_placehold_placehold_placehold_placehold_placehold_placehold_placehold_placehold_placehold_placehold_placeho/x86_64-conda-linux-gnu/sysroot --with-build-sysroot=/home/conda/feedstock_root/build_artifacts/gcc_compilers_1778265149273/_build_env/x86_64-conda-linux-gnu/sysroot --enable-plugin --enable-lto
Thread model: posix
Supported LTO compression algorithms: zlib
gcc version 14.3.0 (conda-forge gcc 14.3.0-19) 
configure:12131: $? = 0
configure:12120: /home/karna/anaconda3/envs/MG5/bin/x86_64-conda-linux-gnu-gfortran -V >&5
x86_64-conda-linux-gnu-gfortran: error: unrecognized command-line option '-V'
x86_64-conda-linux-gnu-gfortran: fatal error: no input files
compilation terminated.
configure:12131: $? = 1
configure:12120: /home/karna/anaconda3/envs/MG5/bin/x86_64-conda-linux-gnu-gfortran -qversion >&5
x86_64-conda-linux-gnu-gfortran: error: unrecognized command-line option '-qversion'; did you mean '--version'?
x86_64-conda-linux-gnu-gfortran: fatal error: no input files
compilation terminated.
configure:12131: $? = 1
configure:12140: checking whether we are using the GNU Fortran 77 compiler
configure:12153: /home/karna/anaconda3/envs/MG5/bin/x86_64-conda-linux-gnu-gfortran -c -march=nocona -mtune=haswell -ftree-vectorize -fPIC -fstack-protector-strong -fno-plt -O2 -ffunction-sections -pipe -isystem /home/karna/anaconda3/envs/MG5/include -I/home/karna/anaconda3/envs/MG5/include conftest.F >&5
configure:12153: $? = 0
configure:12162: result: yes
configure:12168: checking whether /home/karna/anaconda3/envs/MG5/bin/x86_64-conda-linux-gnu-gfortran accepts -g
configure:12179: /home/karna/anaconda3/envs/MG5/bin/x86_64-conda-linux-gnu-gfortran -c -g conftest.f >&5
configure:12179: $? = 0
configure:12187: result: yes
configure:12324: checking if libtool supports shared libraries
configure:12326: result: yes
configure:12329: checking whether to build shared libraries
configure:12349: result: yes
configure:12352: checking whether to build static libraries
configure:12356: result: yes
configure:12660: checking for /home/karna/anaconda3/envs/MG5/bin/x86_64-conda-linux-gnu-gfortran option to produce PIC
configure:12667: result: -fPIC
configure:12675: checking if /home/karna/anaconda3/envs/MG5/bin/x86_64-conda-linux-gnu-gfortran PIC flag -fPIC works
configure:12693: /home/karna/anaconda3/envs/MG5/bin/x86_64-conda-linux-gnu-gfortran -c -march=nocona -mtune=haswell -ftree-vectorize -fPIC -fstack-protector-strong -fno-plt -O2 -ffunction-sections -pipe -isystem /home/karna/anaconda3/envs/MG5/include -I/home/karna/anaconda3/envs/MG5/include -fPIC conftest.f >&5
configure:12697: $? = 0
configure:12710: result: yes
configure:12733: checking if /home/karna/anaconda3/envs/MG5/bin/x86_64-conda-linux-gnu-gfortran static flag -static works
configure:12761: result: yes
configure:12773: checking if /home/karna/anaconda3/envs/MG5/bin/x86_64-conda-linux-gnu-gfortran supports -c -o file.o
configure:12794: /home/karna/anaconda3/envs/MG5/bin/x86_64-conda-linux-gnu-gfortran -c -march=nocona -mtune=haswell -ftree-vectorize -fPIC -fstack-protector-strong -fno-plt -O2 -ffunction-sections -pipe -isystem /home/karna/anaconda3/envs/MG5/include -I/home/karna/anaconda3/envs/MG5/include -o out/conftest2.o conftest.f >&5
configure:12798: $? = 0
configure:12820: result: yes
configure:12825: checking if /home/karna/anaconda3/envs/MG5/bin/x86_64-conda-linux-gnu-gfortran supports -c -o file.o
configure:12872: result: yes
configure:12902: checking whether the /home/karna/anaconda3/envs/MG5/bin/x86_64-conda-linux-gnu-gfortran linker (x86_64-conda-linux-gnu-ld -m elf_x86_64) supports shared libraries
configure:14010: result: yes
configure:14153: checking dynamic linker characteristics
configure:14817: result: GNU/Linux ld.so
configure:14870: checking how to hardcode library paths into programs
configure:14895: result: immediate
configure:14943: checking for ld used by /home/karna/anaconda3/envs/MG5/bin/x86_64-conda-linux-gnu-cc
configure:15010: result: x86_64-conda-linux-gnu-ld
configure:15017: checking if the linker (x86_64-conda-linux-gnu-ld) is GNU ld
configure:15032: result: yes
configure:15046: checking how to run the C preprocessor
configure:15116: result: /home/karna/anaconda3/envs/MG5/bin/x86_64-conda-linux-gnu-cpp
configure:15136: /home/karna/anaconda3/envs/MG5/bin/x86_64-conda-linux-gnu-cpp -DNDEBUG -D_FORTIFY_SOURCE=2 -O2 -isystem /home/karna/anaconda3/envs/MG5/include conftest.c
configure:15136: $? = 0
configure:15150: /home/karna/anaconda3/envs/MG5/bin/x86_64-conda-linux-gnu-cpp -DNDEBUG -D_FORTIFY_SOURCE=2 -O2 -isystem /home/karna/anaconda3/envs/MG5/include conftest.c
conftest.c:23:10: fatal error: ac_nonexistent.h: No such file or directory
   23 | #include <ac_nonexistent.h>
      |          ^~~~~~~~~~~~~~~~~~
compilation terminated.
configure:15150: $? = 1
configure: failed program was:
| /* confdefs.h */
| #define PACKAGE_NAME "qcdloop1"
| #define PACKAGE_TARNAME "qcdloop1"
| #define PACKAGE_VERSION "1.9.0"
| #define PACKAGE_STRING "qcdloop1 1.9.0"
| #define PACKAGE_BUGREPORT ""
| #define PACKAGE_URL ""
| #define PACKAGE "qcdloop1"
| #define VERSION "1.9.0"
| #define STDC_HEADERS 1
| #define HAVE_SYS_TYPES_H 1
| #define HAVE_SYS_STAT_H 1
| #define HAVE_STDLIB_H 1
| #define HAVE_STRING_H 1
| #define HAVE_MEMORY_H 1
| #define HAVE_STRINGS_H 1
| #define HAVE_INTTYPES_H 1
| #define HAVE_STDINT_H 1
| #define HAVE_UNISTD_H 1
| #define HAVE_DLFCN_H 1
| #define LT_OBJDIR ".libs/"
| /* end confdefs.h.  */
| #include <ac_nonexistent.h>
configure:15181: checking for x86_64-conda-linux-gnu-sed
configure:15208: result: /usr/bin/sed
configure:15289: checking if libraries can be versioned
configure:15304: result: yes
configure:15326: checking for symbol prefix
configure:15333: result: 
configure:15641: creating ./config.status

## ---------------------- ##
## Running config.status. ##
## ---------------------- ##

This file was extended by qcdloop1 config.status 1.9.0, which was
generated by GNU Autoconf 2.68.  Invocation command line was

  CONFIG_FILES    = 
  CONFIG_HEADERS  = 
  CONFIG_LINKS    = 
  CONFIG_COMMANDS = 
  $ ./config.status 

on Karna139

config.status:1160: creating Makefile
config.status:1160: creating qcdloop1.pc
config.status:1160: creating config.h
config.status:1341: config.h is unchanged
config.status:1389: executing depfiles commands
config.status:1389: executing libtool commands

## ---------------- ##
## Cache variables. ##
## ---------------- ##

ac_cv_build=x86_64-conda-linux-gnu
ac_cv_c_compiler_gnu=yes
ac_cv_env_CC_set=set
ac_cv_env_CC_value=/home/karna/anaconda3/envs/MG5/bin/x86_64-conda-linux-gnu-cc
ac_cv_env_CFLAGS_set=set
ac_cv_env_CFLAGS_value='-march=nocona -mtune=haswell -ftree-vectorize -fPIC -fstack-protector-strong -fno-plt -O2 -ffunction-sections -pipe -isystem /home/karna/anaconda3/envs/MG5/include'
ac_cv_env_CPPFLAGS_set=set
ac_cv_env_CPPFLAGS_value='-DNDEBUG -D_FORTIFY_SOURCE=2 -O2 -isystem /home/karna/anaconda3/envs/MG5/include'
ac_cv_env_CPP_set=set
ac_cv_env_CPP_value=/home/karna/anaconda3/envs/MG5/bin/x86_64-conda-linux-gnu-cpp
ac_cv_env_F77_set=set
ac_cv_env_F77_value=/home/karna/anaconda3/envs/MG5/bin/x86_64-conda-linux-gnu-gfortran
ac_cv_env_FFLAGS_set=set
ac_cv_env_FFLAGS_value='-march=nocona -mtune=haswell -ftree-vectorize -fPIC -fstack-protector-strong -fno-plt -O2 -ffunction-sections -pipe -isystem /home/karna/anaconda3/envs/MG5/include -I/home/karna/anaconda3/envs/MG5/include'
ac_cv_env_LDFLAGS_set=set
ac_cv_env_LDFLAGS_value='-Wl,-O2 -Wl,--sort-common -Wl,--as-needed -Wl,-z,relro -Wl,-z,now -Wl,--disable-new-dtags -Wl,--gc-sections -Wl,--allow-shlib-undefined -Wl,-rpath,/home/karna/anaconda3/envs/MG5/lib -Wl,-rpath-link,/home/karna/anaconda3/envs/MG5/lib -L/home/karna/anaconda3/envs/MG5/lib'
ac_cv_env_LIBS_set=
ac_cv_env_LIBS_value=
ac_cv_env_build_alias_set=set
ac_cv_env_build_alias_value=x86_64-conda-linux-gnu
ac_cv_env_host_alias_set=set
ac_cv_env_host_alias_value=x86_64-conda-linux-gnu
ac_cv_env_target_alias_set=
ac_cv_env_target_alias_value=
ac_cv_f77_compiler_gnu=yes
ac_cv_header_dlfcn_h=yes
ac_cv_header_inttypes_h=yes
ac_cv_header_memory_h=yes
ac_cv_header_stdc=yes
ac_cv_header_stdint_h=yes
ac_cv_header_stdlib_h=yes
ac_cv_header_string_h=yes
ac_cv_header_strings_h=yes
ac_cv_header_sys_stat_h=yes
ac_cv_header_sys_types_h=yes
ac_cv_header_unistd_h=yes
ac_cv_host=x86_64-conda-linux-gnu
ac_cv_objext=o
ac_cv_path_EGREP='/usr/bin/grep -E'
ac_cv_path_FGREP='/usr/bin/grep -F'
ac_cv_path_GREP=/usr/bin/grep
ac_cv_path_SED=/usr/bin/sed
ac_cv_path_install='/usr/bin/install -c'
ac_cv_path_mkdir=/usr/bin/mkdir
ac_cv_prog_AR=x86_64-conda-linux-gnu-ar
ac_cv_prog_AWK=mawk
ac_cv_prog_CC=/home/karna/anaconda3/envs/MG5/bin/x86_64-conda-linux-gnu-cc
ac_cv_prog_CPP=/home/karna/anaconda3/envs/MG5/bin/x86_64-conda-linux-gnu-cpp
ac_cv_prog_F77=/home/karna/anaconda3/envs/MG5/bin/x86_64-conda-linux-gnu-gfortran
ac_cv_prog_OBJDUMP=x86_64-conda-linux-gnu-objdump
ac_cv_prog_RANLIB=x86_64-conda-linux-gnu-ranlib
ac_cv_prog_SED=/usr/bin/sed
ac_cv_prog_STRIP=x86_64-conda-linux-gnu-strip
ac_cv_prog_ac_ct_MANIFEST_TOOL=mt
ac_cv_prog_cc_c89=
ac_cv_prog_cc_g=yes
ac_cv_prog_f77_g=yes
ac_cv_prog_make_make_set=yes
am_cv_CC_dependencies_compiler_type=gcc3
lt_cv_ar_at_file=@
lt_cv_archive_cmds_need_lc=no
lt_cv_deplibs_check_method=pass_all
lt_cv_file_magic_cmd='$MAGIC_CMD'
lt_cv_file_magic_test_file=
lt_cv_ld_reload_flag=-r
lt_cv_nm_interface='BSD nm'
lt_cv_objdir=.libs
lt_cv_path_LD=x86_64-conda-linux-gnu-ld
lt_cv_path_NM=x86_64-conda-linux-gnu-nm
lt_cv_path_mainfest_tool=no
lt_cv_prog_compiler_c_o=yes
lt_cv_prog_compiler_c_o_F77=yes
lt_cv_prog_compiler_pic='-fPIC -DPIC'
lt_cv_prog_compiler_pic_F77=-fPIC
lt_cv_prog_compiler_pic_works=yes
lt_cv_prog_compiler_pic_works_F77=yes
lt_cv_prog_compiler_rtti_exceptions=no
lt_cv_prog_compiler_static_works=yes
lt_cv_prog_compiler_static_works_F77=yes
lt_cv_prog_gnu_ld=yes
lt_cv_sharedlib_from_linklib_cmd='printf %s\n'
lt_cv_shlibpath_overrides_runpath=no
lt_cv_sys_global_symbol_pipe='sed -n -e '\''s/^.*[	 ]\([ABCDGIRSTW][ABCDGIRSTW]*\)[	 ][	 ]*\([_A-Za-z][_A-Za-z0-9]*\)$/\1 \2 \2/p'\'' | sed '\''/ __gnu_lto/d'\'''
lt_cv_sys_global_symbol_to_c_name_address='sed -n -e '\''s/^: \([^ ]*\)[ ]*$/  {\"\1\", (void *) 0},/p'\'' -e '\''s/^[ABCDGIRSTW]* \([^ ]*\) \([^ ]*\)$/  {"\2", (void *) \&\2},/p'\'''
lt_cv_sys_global_symbol_to_c_name_address_lib_prefix='sed -n -e '\''s/^: \([^ ]*\)[ ]*$/  {\"\1\", (void *) 0},/p'\'' -e '\''s/^[ABCDGIRSTW]* \([^ ]*\) \(lib[^ ]*\)$/  {"\2", (void *) \&\2},/p'\'' -e '\''s/^[ABCDGIRSTW]* \([^ ]*\) \([^ ]*\)$/  {"lib\2", (void *) \&\2},/p'\'''
lt_cv_sys_global_symbol_to_cdecl='sed -n -e '\''s/^T .* \(.*\)$/extern int \1();/p'\'' -e '\''s/^[ABCDGIRSTW]* .* \(.*\)$/extern char \1;/p'\'''
lt_cv_sys_max_cmd_len=1572864
lt_cv_to_host_file_cmd=func_convert_file_noop
lt_cv_to_tool_file_cmd=func_convert_file_noop

## ----------------- ##
## Output variables. ##
## ----------------- ##

ACLOCAL='${SHELL} /home/karna/Descargas/madgraph/MG5_aMC_v2_9_27/QCDLoop/auxfiles/missing --run aclocal-1.11'
AMDEPBACKSLASH='\'
AMDEP_FALSE='#'
AMDEP_TRUE=''
AMTAR='${SHELL} /home/karna/Descargas/madgraph/MG5_aMC_v2_9_27/QCDLoop/auxfiles/missing --run tar'
AM_BACKSLASH='\'
AM_DEFAULT_VERBOSITY='1'
AR='x86_64-conda-linux-gnu-ar'
AUTOCONF='${SHELL} /home/karna/Descargas/madgraph/MG5_aMC_v2_9_27/QCDLoop/auxfiles/missing --run autoconf'
AUTOHEADER='${SHELL} /home/karna/Descargas/madgraph/MG5_aMC_v2_9_27/QCDLoop/auxfiles/missing --run autoheader'
AUTOMAKE='${SHELL} /home/karna/Descargas/madgraph/MG5_aMC_v2_9_27/QCDLoop/auxfiles/missing --run automake-1.11'
AWK='mawk'
CC='/home/karna/anaconda3/envs/MG5/bin/x86_64-conda-linux-gnu-cc'
CCDEPMODE='depmode=gcc3'
CFLAGS='-march=nocona -mtune=haswell -ftree-vectorize -fPIC -fstack-protector-strong -fno-plt -O2 -ffunction-sections -pipe -isystem /home/karna/anaconda3/envs/MG5/include'
CPP='/home/karna/anaconda3/envs/MG5/bin/x86_64-conda-linux-gnu-cpp'
CPPFLAGS='-DNDEBUG -D_FORTIFY_SOURCE=2 -O2 -isystem /home/karna/anaconda3/envs/MG5/include'
CYGPATH_W='echo'
DEFS='-DHAVE_CONFIG_H'
DEPDIR='.deps'
DLLTOOL='false'
DSYMUTIL=''
DUMPBIN=''
ECHO_C=''
ECHO_N='-n'
ECHO_T=''
EGREP='/usr/bin/grep -E'
EXEEXT=''
F77='/home/karna/anaconda3/envs/MG5/bin/x86_64-conda-linux-gnu-gfortran'
FFLAGS='-march=nocona -mtune=haswell -ftree-vectorize -fPIC -fstack-protector-strong -fno-plt -O2 -ffunction-sections -pipe -isystem /home/karna/anaconda3/envs/MG5/include -I/home/karna/anaconda3/envs/MG5/include'
FGREP='/usr/bin/grep -F'
GREP='/usr/bin/grep'
HAVE_LD_VERSION_SCRIPT_FALSE='#'
HAVE_LD_VERSION_SCRIPT_TRUE=''
HAVE_MAPLE_AUTO_FALSE='#'
HAVE_MAPLE_AUTO_TRUE=''
HAVE_MAPLE_FALSE=''
HAVE_MAPLE_TRUE='#'
INSTALL_DATA='${INSTALL} -m 644'
INSTALL_PROGRAM='${INSTALL}'
INSTALL_SCRIPT='${INSTALL}'
INSTALL_STRIP_PROGRAM='$(install_sh) -c -s'
LD='x86_64-conda-linux-gnu-ld'
LDFLAGS='-Wl,-O2 -Wl,--sort-common -Wl,--as-needed -Wl,-z,relro -Wl,-z,now -Wl,--disable-new-dtags -Wl,--gc-sections -Wl,--allow-shlib-undefined -Wl,-rpath,/home/karna/anaconda3/envs/MG5/lib -Wl,-rpath-link,/home/karna/anaconda3/envs/MG5/lib -L/home/karna/anaconda3/envs/MG5/lib'
LIBOBJS=''
LIBQCD_AGE='0'
LIBQCD_CURRENT='0'
LIBQCD_MAJOR='1'
LIBQCD_MICRO='0'
LIBQCD_MINOR='9'
LIBQCD_REVISION='0'
LIBQCD_VERSION_INFO='0:0:0'
LIBS=''
LIBTOOL='$(SHELL) $(top_builddir)/libtool'
LIPO=''
LN_S='ln -s'
LTLIBOBJS=''
MAKEINFO='${SHELL} /home/karna/Descargas/madgraph/MG5_aMC_v2_9_27/QCDLoop/auxfiles/missing --run makeinfo'
MANIFEST_TOOL=':'
MAPLEINC=''
MAPLELIB=''
MKDIR_P='/usr/bin/mkdir -p'
NM='x86_64-conda-linux-gnu-nm'
NMEDIT=''
OBJDUMP='x86_64-conda-linux-gnu-objdump'
OBJEXT='o'
OTOOL64=''
OTOOL=''
PACKAGE='qcdloop1'
PACKAGE_BUGREPORT=''
PACKAGE_NAME='qcdloop1'
PACKAGE_STRING='qcdloop1 1.9.0'
PACKAGE_TARNAME='qcdloop1'
PACKAGE_URL=''
PACKAGE_VERSION='1.9.0'
PATH_SEPARATOR=':'
RANLIB='x86_64-conda-linux-gnu-ranlib'
SED='/usr/bin/sed'
SET_MAKE=''
SHELL='/bin/bash'
STRIP='x86_64-conda-linux-gnu-strip'
SYMBOL_PREFIX=''
VERSION='1.9.0'
ac_ct_AR=''
ac_ct_CC=''
ac_ct_DUMPBIN=''
ac_ct_F77=''
am__EXEEXT_FALSE=''
am__EXEEXT_TRUE='#'
am__fastdepCC_FALSE='#'
am__fastdepCC_TRUE=''
am__include='include'
am__isrc=''
am__leading_dot='.'
am__quote=''
am__tar='${AMTAR} chof - "$$tardir"'
am__untar='${AMTAR} xf -'
bindir='${exec_prefix}/bin'
build='x86_64-conda-linux-gnu'
build_alias='x86_64-conda-linux-gnu'
build_cpu='x86_64'
build_os='linux-gnu'
build_vendor='conda'
datadir='${datarootdir}'
datarootdir='${prefix}/share'
docdir='${datarootdir}/doc/${PACKAGE_TARNAME}'
dvidir='${docdir}'
exec_prefix='${prefix}'
host='x86_64-conda-linux-gnu'
host_alias='x86_64-conda-linux-gnu'
host_cpu='x86_64'
host_os='linux-gnu'
host_vendor='conda'
htmldir='${docdir}'
includedir='${prefix}/include'
infodir='${datarootdir}/info'
install_sh='${SHELL} /home/karna/Descargas/madgraph/MG5_aMC_v2_9_27/QCDLoop/auxfiles/install-sh'
libdir='${exec_prefix}/lib'
libexecdir='${exec_prefix}/libexec'
localedir='${datarootdir}/locale'
localstatedir='${prefix}/var'
mandir='${datarootdir}/man'
mkdir_p='/usr/bin/mkdir -p'
oldincludedir='/usr/include'
pdfdir='${docdir}'
prefix='/home/karna/Descargas/madgraph/MG5_aMC_v2_9_27/QCDLoop'
program_transform_name='s,x,x,'
psdir='${docdir}'
sbindir='${exec_prefix}/sbin'
sharedstatedir='${prefix}/com'
sysconfdir='${prefix}/etc'
target_alias=''

## ----------- ##
## confdefs.h. ##
## ----------- ##

/* confdefs.h */
#define PACKAGE_NAME "qcdloop1"
#define PACKAGE_TARNAME "qcdloop1"
#define PACKAGE_VERSION "1.9.0"
#define PACKAGE_STRING "qcdloop1 1.9.0"
#define PACKAGE_BUGREPORT ""
#define PACKAGE_URL ""
#define PACKAGE "qcdloop1"
#define VERSION "1.9.0"
#define STDC_HEADERS 1
#define HAVE_SYS_TYPES_H 1
#define HAVE_SYS_STAT_H 1
#define HAVE_STDLIB_H 1
#define HAVE_STRING_H 1
#define HAVE_MEMORY_H 1
#define HAVE_STRINGS_H 1
#define HAVE_INTTYPES_H 1
#define HAVE_STDINT_H 1
#define HAVE_UNISTD_H 1
#define HAVE_DLFCN_H 1
#define LT_OBJDIR ".libs/"

configure: exit 0
